ARM Linker, 4.1 [Build 894] [Evaluation]

==============================================================================

Section Cross References

    startup.o(RESET) refers to startup.o(STACK) for StackMem
    startup.o(RESET) refers to entry.o(.ARM.Collect$$$$00000000) for __main
    main.o(.text) refers to init.o(.text) for InitializeMCU
    main.o(.text) refers to uart.o(.text) for InitializeUART
    main.o(.text) refers to uartstdio.o(.text) for UARTprintf
    init.o(.text) refers to time.o(.text) for InitializeSystemTime
    uart.o(.text) refers to sysctl.o(i.SysCtlPeripheralEnable) for SysCtlPeripheralEnable
    uart.o(.text) refers to gpio.o(i.GPIOPinConfigure) for GPIOPinConfigure
    uart.o(.text) refers to gpio.o(i.GPIOPinTypeUART) for GPIOPinTypeUART
    uart.o(.text) refers to uartstdio.o(.text) for UARTStdioInit
    uartstdio.o(.text) refers to uartstdio.o(.constdata) for g_ulUARTPeriph
    uartstdio.o(.text) refers to uartstdio.o(.data) for g_ulBase
    uartstdio.o(.constdata) refers to uartstdio.o(.conststring) for .conststring
    time.o(.text) refers to sysctl.o(i.SysCtlClockGet) for SysCtlClockGet
    time.o(.text) refers to systick.o(i.SysTickPeriodSet) for SysTickPeriodSet
    time.o(.text) refers to systick.o(i.SysTickIntEnable) for SysTickIntEnable
    time.o(.text) refers to systick.o(i.SysTickEnable) for SysTickEnable
    time.o(.text) refers to sysctl.o(i.SysCtlPeripheralEnable) for SysCtlPeripheralEnable
    time.o(.text) refers to timer.o(i.TimerConfigure) for TimerConfigure
    time.o(.text) refers to interrupt.o(i.IntEnable) for IntEnable
    time.o(.text) refers to timer.o(i.TimerIntEnable) for TimerIntEnable
    time.o(.text) refers to timer.o(i.TimerLoadSet) for TimerLoadSet
    time.o(.text) refers to timer.o(i.TimerEnable) for TimerEnable
    time.o(.text) refers to timer.o(i.TimerIntClear) for TimerIntClear
    time.o(.text) refers to timer.o(i.TimerIntStatus) for TimerIntStatus
    time.o(.text) refers to timer.o(i.TimerDisable) for TimerDisable
    time.o(.text) refers to ffixul.o(.text) for __aeabi_f2ulz
    time.o(.text) refers to time.o(.data) for g_ulSystemTimeSeconds
    time.o(.text) refers to time.o(.bss) for rgPeriodicFunctions
    gpio.o(i.GPIOPinConfigure) refers to gpio.o(.constdata) for .constdata
    gpio.o(i.GPIOPinTypeADC) refers to gpio.o(i.GPIODirModeSet) for GPIODirModeSet
    gpio.o(i.GPIOPinTypeADC) refers to gpio.o(i.GPIOPadConfigSet) for GPIOPadConfigSet
    gpio.o(i.GPIOPinTypeCAN) refers to gpio.o(i.GPIODirModeSet) for GPIODirModeSet
    gpio.o(i.GPIOPinTypeCAN) refers to gpio.o(i.GPIOPadConfigSet) for GPIOPadConfigSet
    gpio.o(i.GPIOPinTypeComparator) refers to gpio.o(i.GPIODirModeSet) for GPIODirModeSet
    gpio.o(i.GPIOPinTypeComparator) refers to gpio.o(i.GPIOPadConfigSet) for GPIOPadConfigSet
    gpio.o(i.GPIOPinTypeEPI) refers to gpio.o(i.GPIODirModeSet) for GPIODirModeSet
    gpio.o(i.GPIOPinTypeEPI) refers to gpio.o(i.GPIOPadConfigSet) for GPIOPadConfigSet
    gpio.o(i.GPIOPinTypeEthernetLED) refers to gpio.o(i.GPIODirModeSet) for GPIODirModeSet
    gpio.o(i.GPIOPinTypeEthernetLED) refers to gpio.o(i.GPIOPadConfigSet) for GPIOPadConfigSet
    gpio.o(i.GPIOPinTypeEthernetMII) refers to gpio.o(i.GPIODirModeSet) for GPIODirModeSet
    gpio.o(i.GPIOPinTypeEthernetMII) refers to gpio.o(i.GPIOPadConfigSet) for GPIOPadConfigSet
    gpio.o(i.GPIOPinTypeFan) refers to gpio.o(i.GPIODirModeSet) for GPIODirModeSet
    gpio.o(i.GPIOPinTypeFan) refers to gpio.o(i.GPIOPadConfigSet) for GPIOPadConfigSet
    gpio.o(i.GPIOPinTypeGPIOInput) refers to gpio.o(i.GPIODirModeSet) for GPIODirModeSet
    gpio.o(i.GPIOPinTypeGPIOInput) refers to gpio.o(i.GPIOPadConfigSet) for GPIOPadConfigSet
    gpio.o(i.GPIOPinTypeGPIOOutput) refers to gpio.o(i.GPIOPadConfigSet) for GPIOPadConfigSet
    gpio.o(i.GPIOPinTypeGPIOOutput) refers to gpio.o(i.GPIODirModeSet) for GPIODirModeSet
    gpio.o(i.GPIOPinTypeGPIOOutputOD) refers to gpio.o(i.GPIOPadConfigSet) for GPIOPadConfigSet
    gpio.o(i.GPIOPinTypeGPIOOutputOD) refers to gpio.o(i.GPIODirModeSet) for GPIODirModeSet
    gpio.o(i.GPIOPinTypeI2C) refers to gpio.o(i.GPIODirModeSet) for GPIODirModeSet
    gpio.o(i.GPIOPinTypeI2C) refers to gpio.o(i.GPIOPadConfigSet) for GPIOPadConfigSet
    gpio.o(i.GPIOPinTypeI2CSCL) refers to gpio.o(i.GPIODirModeSet) for GPIODirModeSet
    gpio.o(i.GPIOPinTypeI2CSCL) refers to gpio.o(i.GPIOPadConfigSet) for GPIOPadConfigSet
    gpio.o(i.GPIOPinTypeI2S) refers to gpio.o(i.GPIODirModeSet) for GPIODirModeSet
    gpio.o(i.GPIOPinTypeI2S) refers to gpio.o(i.GPIOPadConfigSet) for GPIOPadConfigSet
    gpio.o(i.GPIOPinTypeLPC) refers to gpio.o(i.GPIODirModeSet) for GPIODirModeSet
    gpio.o(i.GPIOPinTypeLPC) refers to gpio.o(i.GPIOPadConfigSet) for GPIOPadConfigSet
    gpio.o(i.GPIOPinTypePECIRx) refers to gpio.o(i.GPIODirModeSet) for GPIODirModeSet
    gpio.o(i.GPIOPinTypePECIRx) refers to gpio.o(i.GPIOPadConfigSet) for GPIOPadConfigSet
    gpio.o(i.GPIOPinTypePECITx) refers to gpio.o(i.GPIODirModeSet) for GPIODirModeSet
    gpio.o(i.GPIOPinTypePECITx) refers to gpio.o(i.GPIOPadConfigSet) for GPIOPadConfigSet
    gpio.o(i.GPIOPinTypePWM) refers to gpio.o(i.GPIODirModeSet) for GPIODirModeSet
    gpio.o(i.GPIOPinTypePWM) refers to gpio.o(i.GPIOPadConfigSet) for GPIOPadConfigSet
    gpio.o(i.GPIOPinTypeQEI) refers to gpio.o(i.GPIODirModeSet) for GPIODirModeSet
    gpio.o(i.GPIOPinTypeQEI) refers to gpio.o(i.GPIOPadConfigSet) for GPIOPadConfigSet
    gpio.o(i.GPIOPinTypeSSI) refers to gpio.o(i.GPIODirModeSet) for GPIODirModeSet
    gpio.o(i.GPIOPinTypeSSI) refers to gpio.o(i.GPIOPadConfigSet) for GPIOPadConfigSet
    gpio.o(i.GPIOPinTypeTimer) refers to gpio.o(i.GPIODirModeSet) for GPIODirModeSet
    gpio.o(i.GPIOPinTypeTimer) refers to gpio.o(i.GPIOPadConfigSet) for GPIOPadConfigSet
    gpio.o(i.GPIOPinTypeUART) refers to gpio.o(i.GPIODirModeSet) for GPIODirModeSet
    gpio.o(i.GPIOPinTypeUART) refers to gpio.o(i.GPIOPadConfigSet) for GPIOPadConfigSet
    gpio.o(i.GPIOPinTypeUSBAnalog) refers to gpio.o(i.GPIODirModeSet) for GPIODirModeSet
    gpio.o(i.GPIOPinTypeUSBAnalog) refers to gpio.o(i.GPIOPadConfigSet) for GPIOPadConfigSet
    gpio.o(i.GPIOPinTypeUSBDigital) refers to gpio.o(i.GPIODirModeSet) for GPIODirModeSet
    gpio.o(i.GPIOPinTypeUSBDigital) refers to gpio.o(i.GPIOPadConfigSet) for GPIOPadConfigSet
    gpio.o(i.GPIOPortIntRegister) refers to gpio.o(i.GPIOGetIntNumber) for GPIOGetIntNumber
    gpio.o(i.GPIOPortIntRegister) refers to interrupt.o(i.IntRegister) for IntRegister
    gpio.o(i.GPIOPortIntRegister) refers to interrupt.o(i.IntEnable) for IntEnable
    gpio.o(i.GPIOPortIntUnregister) refers to gpio.o(i.GPIOGetIntNumber) for GPIOGetIntNumber
    gpio.o(i.GPIOPortIntUnregister) refers to interrupt.o(i.IntDisable) for IntDisable
    gpio.o(i.GPIOPortIntUnregister) refers to interrupt.o(i.IntUnregister) for IntUnregister
    sysctl.o(i.SysCtlClockGet) refers to sysctl.o(.constdata) for .constdata
    sysctl.o(i.SysCtlClockSet) refers to sysctl.o(.emb_text) for SysCtlDelay
    sysctl.o(i.SysCtlDeepSleep) refers to cpu.o(.emb_text) for CPUwfi
    sysctl.o(i.SysCtlI2SMClkSet) refers to sysctl.o(.constdata) for .constdata
    sysctl.o(i.SysCtlIntRegister) refers to interrupt.o(i.IntRegister) for IntRegister
    sysctl.o(i.SysCtlIntRegister) refers to interrupt.o(i.IntEnable) for IntEnable
    sysctl.o(i.SysCtlIntUnregister) refers to interrupt.o(i.IntDisable) for IntDisable
    sysctl.o(i.SysCtlIntUnregister) refers to interrupt.o(i.IntUnregister) for IntUnregister
    sysctl.o(i.SysCtlPeripheralDeepSleepDisable) refers to sysctl.o(.constdata) for .constdata
    sysctl.o(i.SysCtlPeripheralDeepSleepEnable) refers to sysctl.o(.constdata) for .constdata
    sysctl.o(i.SysCtlPeripheralDisable) refers to sysctl.o(.constdata) for .constdata
    sysctl.o(i.SysCtlPeripheralEnable) refers to sysctl.o(.constdata) for .constdata
    sysctl.o(i.SysCtlPeripheralPowerOff) refers to sysctl.o(.constdata) for .constdata
    sysctl.o(i.SysCtlPeripheralPowerOn) refers to sysctl.o(.constdata) for .constdata
    sysctl.o(i.SysCtlPeripheralPresent) refers to sysctl.o(.constdata) for .constdata
    sysctl.o(i.SysCtlPeripheralReady) refers to sysctl.o(.constdata) for .constdata
    sysctl.o(i.SysCtlPeripheralReset) refers to sysctl.o(.constdata) for .constdata
    sysctl.o(i.SysCtlPeripheralSleepDisable) refers to sysctl.o(.constdata) for .constdata
    sysctl.o(i.SysCtlPeripheralSleepEnable) refers to sysctl.o(.constdata) for .constdata
    sysctl.o(i.SysCtlSleep) refers to cpu.o(.emb_text) for CPUwfi
    interrupt.o(i.IntDisable) refers to interrupt.o(.constdata) for .constdata
    interrupt.o(i.IntEnable) refers to interrupt.o(.constdata) for .constdata
    interrupt.o(i.IntIsEnabled) refers to interrupt.o(.constdata) for .constdata
    interrupt.o(i.IntMasterDisable) refers to cpu.o(.emb_text) for CPUcpsid
    interrupt.o(i.IntMasterEnable) refers to cpu.o(.emb_text) for CPUcpsie
    interrupt.o(i.IntPendClear) refers to interrupt.o(.constdata) for .constdata
    interrupt.o(i.IntPendSet) refers to interrupt.o(.constdata) for .constdata
    interrupt.o(i.IntPriorityGet) refers to interrupt.o(.constdata) for .constdata
    interrupt.o(i.IntPriorityGroupingGet) refers to interrupt.o(.constdata) for .constdata
    interrupt.o(i.IntPriorityGroupingSet) refers to interrupt.o(.constdata) for .constdata
    interrupt.o(i.IntPriorityMaskGet) refers to cpu.o(.emb_text) for CPUbasepriGet
    interrupt.o(i.IntPriorityMaskSet) refers to cpu.o(.emb_text) for CPUbasepriSet
    interrupt.o(i.IntPrioritySet) refers to interrupt.o(.constdata) for .constdata
    interrupt.o(i.IntRegister) refers to interrupt.o(vtable) for vtable
    interrupt.o(i.IntUnregister) refers to interrupt.o(i.IntDefaultHandler) for IntDefaultHandler
    interrupt.o(i.IntUnregister) refers to interrupt.o(vtable) for vtable
    systick.o(i.SysTickIntRegister) refers to interrupt.o(i.IntRegister) for IntRegister
    systick.o(i.SysTickIntUnregister) refers to interrupt.o(i.IntUnregister) for IntUnregister
    timer.o(i.TimerIntRegister) refers to interrupt.o(i.IntRegister) for IntRegister
    timer.o(i.TimerIntRegister) refers to interrupt.o(i.IntEnable) for IntEnable
    timer.o(i.TimerIntRegister) refers to timer.o(.constdata) for .constdata
    timer.o(i.TimerIntUnregister) refers to interrupt.o(i.IntDisable) for IntDisable
    timer.o(i.TimerIntUnregister) refers to interrupt.o(i.IntUnregister) for IntUnregister
    timer.o(i.TimerIntUnregister) refers to timer.o(.constdata) for .constdata
    timer.o(i.TimerQuiesce) refers to interrupt.o(i.IntDisable) for IntDisable
    timer.o(i.TimerQuiesce) refers to interrupt.o(i.IntUnregister) for IntUnregister
    timer.o(i.TimerQuiesce) refers to timer.o(.constdata) for .constdata
    entry.o(.ARM.Collect$$$$00000000) refers (Special) to entry7b.o(.ARM.Collect$$$$00000008) for _main_clock
    entry.o(.ARM.Collect$$$$00000000) refers (Special) to entry8.o(.ARM.Collect$$$$00000009) for _main_init
    entry.o(.ARM.Collect$$$$00000000) refers (Special) to entry5.o(.ARM.Collect$$$$00000004) for _main_scatterload
    entry.o(.ARM.Collect$$$$00000000) refers (Special) to entry2.o(.ARM.Collect$$$$00000001) for _main_stk
    ffixul.o(.text) refers (Special) to iusefp.o(.text) for __I$use$fp
    ffixul.o(.text) refers to llshl.o(.text) for __aeabi_llsl
    entry2.o(.ARM.Collect$$$$00000001) refers to entry2.o(.ARM.Collect$$$$00002712) for __lit__00000000
    entry2.o(.ARM.Collect$$$$00002712) refers to startup.o(STACK) for __initial_sp
    entry2.o(__vectab_stack_and_reset_area) refers to startup.o(STACK) for __initial_sp
    entry2.o(__vectab_stack_and_reset_area) refers to entry.o(.ARM.Collect$$$$00000000) for __main
    entry5.o(.ARM.Collect$$$$00000004) refers to init.o(.text) for __scatterload
    entry8.o(.ARM.Collect$$$$00000009) refers to main.o(.text) for main
    init.o(.text) refers to entry5.o(.ARM.Collect$$$$00000004) for __main_after_scatterload


==============================================================================

Removing Unused input sections from the image.

    Removing startup.o(HEAP), (0 bytes).
    Removing startup.o(.text), (0 bytes).
    Removing gpio.o(i.GPIOADCTriggerDisable), (14 bytes).
    Removing gpio.o(i.GPIOADCTriggerEnable), (14 bytes).
    Removing gpio.o(i.GPIODMATriggerDisable), (14 bytes).
    Removing gpio.o(i.GPIODMATriggerEnable), (14 bytes).
    Removing gpio.o(i.GPIODirModeGet), (34 bytes).
    Removing gpio.o(i.GPIOGetIntNumber), (216 bytes).
    Removing gpio.o(i.GPIOIntTypeGet), (48 bytes).
    Removing gpio.o(i.GPIOIntTypeSet), (58 bytes).
    Removing gpio.o(i.GPIOPadConfigGet), (140 bytes).
    Removing gpio.o(i.GPIOPinIntClear), (6 bytes).
    Removing gpio.o(i.GPIOPinIntDisable), (14 bytes).
    Removing gpio.o(i.GPIOPinIntEnable), (14 bytes).
    Removing gpio.o(i.GPIOPinIntStatus), (14 bytes).
    Removing gpio.o(i.GPIOPinRead), (6 bytes).
    Removing gpio.o(i.GPIOPinTypeADC), (28 bytes).
    Removing gpio.o(i.GPIOPinTypeCAN), (28 bytes).
    Removing gpio.o(i.GPIOPinTypeComparator), (28 bytes).
    Removing gpio.o(i.GPIOPinTypeEPI), (28 bytes).
    Removing gpio.o(i.GPIOPinTypeEthernetLED), (28 bytes).
    Removing gpio.o(i.GPIOPinTypeEthernetMII), (28 bytes).
    Removing gpio.o(i.GPIOPinTypeFan), (28 bytes).
    Removing gpio.o(i.GPIOPinTypeGPIOInput), (28 bytes).
    Removing gpio.o(i.GPIOPinTypeGPIOOutput), (28 bytes).
    Removing gpio.o(i.GPIOPinTypeGPIOOutputOD), (28 bytes).
    Removing gpio.o(i.GPIOPinTypeI2C), (28 bytes).
    Removing gpio.o(i.GPIOPinTypeI2CSCL), (132 bytes).
    Removing gpio.o(i.GPIOPinTypeI2S), (28 bytes).
    Removing gpio.o(i.GPIOPinTypeLPC), (28 bytes).
    Removing gpio.o(i.GPIOPinTypePECIRx), (28 bytes).
    Removing gpio.o(i.GPIOPinTypePECITx), (28 bytes).
    Removing gpio.o(i.GPIOPinTypePWM), (28 bytes).
    Removing gpio.o(i.GPIOPinTypeQEI), (28 bytes).
    Removing gpio.o(i.GPIOPinTypeSSI), (28 bytes).
    Removing gpio.o(i.GPIOPinTypeTimer), (28 bytes).
    Removing gpio.o(i.GPIOPinTypeUSBAnalog), (28 bytes).
    Removing gpio.o(i.GPIOPinTypeUSBDigital), (28 bytes).
    Removing gpio.o(i.GPIOPinWrite), (6 bytes).
    Removing gpio.o(i.GPIOPortIntRegister), (26 bytes).
    Removing gpio.o(i.GPIOPortIntUnregister), (22 bytes).
    Removing sysctl.o(.emb_text), (6 bytes).
    Removing sysctl.o(i.SysCtlADCSpeedGet), (16 bytes).
    Removing sysctl.o(i.SysCtlADCSpeedSet), (32 bytes).
    Removing sysctl.o(i.SysCtlBrownOutConfigSet), (16 bytes).
    Removing sysctl.o(i.SysCtlClkVerificationClear), (20 bytes).
    Removing sysctl.o(i.SysCtlClockSet), (364 bytes).
    Removing sysctl.o(i.SysCtlDeepSleep), (32 bytes).
    Removing sysctl.o(i.SysCtlDeepSleepClockSet), (12 bytes).
    Removing sysctl.o(i.SysCtlFlashSizeGet), (20 bytes).
    Removing sysctl.o(i.SysCtlGPIOAHBDisable), (20 bytes).
    Removing sysctl.o(i.SysCtlGPIOAHBEnable), (16 bytes).
    Removing sysctl.o(i.SysCtlI2SMClkSet), (216 bytes).
    Removing sysctl.o(i.SysCtlIOSCVerificationSet), (24 bytes).
    Removing sysctl.o(i.SysCtlIntClear), (12 bytes).
    Removing sysctl.o(i.SysCtlIntDisable), (16 bytes).
    Removing sysctl.o(i.SysCtlIntEnable), (16 bytes).
    Removing sysctl.o(i.SysCtlIntRegister), (20 bytes).
    Removing sysctl.o(i.SysCtlIntStatus), (16 bytes).
    Removing sysctl.o(i.SysCtlIntUnregister), (18 bytes).
    Removing sysctl.o(i.SysCtlLDOConfigSet), (12 bytes).
    Removing sysctl.o(i.SysCtlLDOGet), (12 bytes).
    Removing sysctl.o(i.SysCtlLDOSet), (12 bytes).
    Removing sysctl.o(i.SysCtlMOSCConfigSet), (12 bytes).
    Removing sysctl.o(i.SysCtlMOSCVerificationSet), (24 bytes).
    Removing sysctl.o(i.SysCtlPIOSCCalibrate), (76 bytes).
    Removing sysctl.o(i.SysCtlPLLVerificationSet), (24 bytes).
    Removing sysctl.o(i.SysCtlPWMClockGet), (24 bytes).
    Removing sysctl.o(i.SysCtlPWMClockSet), (20 bytes).
    Removing sysctl.o(i.SysCtlPeripheralClockGating), (24 bytes).
    Removing sysctl.o(i.SysCtlPeripheralDeepSleepDisable), (80 bytes).
    Removing sysctl.o(i.SysCtlPeripheralDeepSleepEnable), (80 bytes).
    Removing sysctl.o(i.SysCtlPeripheralDisable), (80 bytes).
    Removing sysctl.o(i.SysCtlPeripheralPowerOff), (72 bytes).
    Removing sysctl.o(i.SysCtlPeripheralPowerOn), (72 bytes).
    Removing sysctl.o(i.SysCtlPeripheralPresent), (112 bytes).
    Removing sysctl.o(i.SysCtlPeripheralReady), (72 bytes).
    Removing sysctl.o(i.SysCtlPeripheralReset), (120 bytes).
    Removing sysctl.o(i.SysCtlPeripheralSleepDisable), (80 bytes).
    Removing sysctl.o(i.SysCtlPeripheralSleepEnable), (80 bytes).
    Removing sysctl.o(i.SysCtlPinPresent), (16 bytes).
    Removing sysctl.o(i.SysCtlReset), (16 bytes).
    Removing sysctl.o(i.SysCtlResetCauseClear), (16 bytes).
    Removing sysctl.o(i.SysCtlResetCauseGet), (12 bytes).
    Removing sysctl.o(i.SysCtlSRAMSizeGet), (20 bytes).
    Removing sysctl.o(i.SysCtlSleep), (4 bytes).
    Removing sysctl.o(i.SysCtlUSBPLLDisable), (16 bytes).
    Removing sysctl.o(i.SysCtlUSBPLLEnable), (16 bytes).
    Removing sysctl.o(.data), (4 bytes).
    Removing sysctl.o(.data), (4 bytes).
    Removing sysctl.o(.data), (4 bytes).
    Removing sysctl.o(.data), (1 bytes).
    Removing cpu.o(.emb_text), (38 bytes).
    Removing interrupt.o(i.IntDefaultHandler), (2 bytes).
    Removing interrupt.o(i.IntDisable), (100 bytes).
    Removing interrupt.o(i.IntIsEnabled), (96 bytes).
    Removing interrupt.o(i.IntMasterDisable), (10 bytes).
    Removing interrupt.o(i.IntMasterEnable), (10 bytes).
    Removing interrupt.o(i.IntPendClear), (68 bytes).
    Removing interrupt.o(i.IntPendSet), (84 bytes).
    Removing interrupt.o(i.IntPriorityGet), (28 bytes).
    Removing interrupt.o(i.IntPriorityGroupingGet), (40 bytes).
    Removing interrupt.o(i.IntPriorityGroupingSet), (28 bytes).
    Removing interrupt.o(i.IntPriorityMaskGet), (4 bytes).
    Removing interrupt.o(i.IntPriorityMaskSet), (4 bytes).
    Removing interrupt.o(i.IntPrioritySet), (40 bytes).
    Removing interrupt.o(i.IntRegister), (52 bytes).
    Removing interrupt.o(i.IntUnregister), (20 bytes).
    Removing interrupt.o(vtable), (620 bytes).
    Removing systick.o(i.SysTickDisable), (14 bytes).
    Removing systick.o(i.SysTickIntDisable), (14 bytes).
    Removing systick.o(i.SysTickIntRegister), (24 bytes).
    Removing systick.o(i.SysTickIntUnregister), (18 bytes).
    Removing systick.o(i.SysTickPeriodGet), (10 bytes).
    Removing systick.o(i.SysTickValueGet), (8 bytes).
    Removing timer.o(i.TimerControlEvent), (18 bytes).
    Removing timer.o(i.TimerControlLevel), (22 bytes).
    Removing timer.o(i.TimerControlStall), (22 bytes).
    Removing timer.o(i.TimerControlTrigger), (22 bytes).
    Removing timer.o(i.TimerControlWaitOnTrigger), (48 bytes).
    Removing timer.o(i.TimerIntDisable), (10 bytes).
    Removing timer.o(i.TimerIntRegister), (88 bytes).
    Removing timer.o(i.TimerIntUnregister), (80 bytes).
    Removing timer.o(i.TimerLoadGet), (10 bytes).
    Removing timer.o(i.TimerLoadGet64), (14 bytes).
    Removing timer.o(i.TimerLoadSet64), (6 bytes).
    Removing timer.o(i.TimerMatchGet), (10 bytes).
    Removing timer.o(i.TimerMatchGet64), (14 bytes).
    Removing timer.o(i.TimerMatchSet), (18 bytes).
    Removing timer.o(i.TimerMatchSet64), (6 bytes).
    Removing timer.o(i.TimerPrescaleGet), (10 bytes).
    Removing timer.o(i.TimerPrescaleMatchGet), (10 bytes).
    Removing timer.o(i.TimerPrescaleMatchSet), (18 bytes).
    Removing timer.o(i.TimerPrescaleSet), (18 bytes).
    Removing timer.o(i.TimerQuiesce), (152 bytes).
    Removing timer.o(i.TimerRTCDisable), (10 bytes).
    Removing timer.o(i.TimerRTCEnable), (10 bytes).
    Removing timer.o(i.TimerSynchronize), (4 bytes).
    Removing timer.o(i.TimerValueGet), (10 bytes).
    Removing timer.o(i.TimerValueGet64), (14 bytes).
    Removing timer.o(.constdata), (96 bytes).

141 unused section(s) (total 5561 bytes) removed from the image.

==============================================================================

Image Symbol Table

    Local Symbols

    Symbol Name                              Value     Ov Type        Size  Object(Section)

    RESET                                    0x00000000   Section      644  startup.o(RESET)
    ../../microlib/fpfix.c                   0x00000000   Number         0  ffixul.o ABSOLUTE
    ../../microlib/init/entry.s              0x00000000   Number         0  entry.o ABSOLUTE
    ../../microlib/init/entry.s              0x00000000   Number         0  entry5.o ABSOLUTE
    ../../microlib/init/entry.s              0x00000000   Number         0  entry8.o ABSOLUTE
    ../../microlib/init/entry.s              0x00000000   Number         0  entry7b.o ABSOLUTE
    ../../microlib/init/entry.s              0x00000000   Number         0  entry2.o ABSOLUTE
    ../../microlib/init/entry.s              0x00000000   Number         0  entry7a.o ABSOLUTE
    ../../microlib/longlong.c                0x00000000   Number         0  llshl.o ABSOLUTE
    ../../microlib/stubs.s                   0x00000000   Number         0  iusefp.o ABSOLUTE
    ..\StellarisWare\utils\uartstdio.c       0x00000000   Number         0  uartstdio.o ABSOLUTE
    Main.c                                   0x00000000   Number         0  main.o ABSOLUTE
    Startup.s                                0x00000000   Number         0  startup.o ABSOLUTE
    cpu.c                                    0x00000000   Number         0  cpu.o ABSOLUTE
    cpu.c                                    0x00000000   Number         0  cpu.o ABSOLUTE
    dc.s                                     0x00000000   Number         0  dc.o ABSOLUTE
    gpio.c                                   0x00000000   Number         0  gpio.o ABSOLUTE
    handlers.s                               0x00000000   Number         0  handlers.o ABSOLUTE
    init.s                                   0x00000000   Number         0  init.o ABSOLUTE
    interrupt.c                              0x00000000   Number         0  interrupt.o ABSOLUTE
    src\init.c                               0x00000000   Number         0  init.o ABSOLUTE
    src\time.c                               0x00000000   Number         0  time.o ABSOLUTE
    src\uart.c                               0x00000000   Number         0  uart.o ABSOLUTE
    sysctl.c                                 0x00000000   Number         0  sysctl.o ABSOLUTE
    sysctl.c                                 0x00000000   Number         0  sysctl.o ABSOLUTE
    systick.c                                0x00000000   Number         0  systick.o ABSOLUTE
    timer.c                                  0x00000000   Number         0  timer.o ABSOLUTE
    $v0                                      0x0000026c   Number         0  startup.o(RESET)
    NmiSR                                    0x0000027b   Thumb Code     0  startup.o(RESET)
    FaultISR                                 0x0000027d   Thumb Code     0  startup.o(RESET)
    IntDefaultHandler                        0x0000027f   Thumb Code     0  startup.o(RESET)
    .ARM.Collect$$$$00000000                 0x00000284   Section        0  entry.o(.ARM.Collect$$$$00000000)
    .ARM.Collect$$$$00000001                 0x00000284   Section        4  entry2.o(.ARM.Collect$$$$00000001)
    .ARM.Collect$$$$00000004                 0x00000288   Section        4  entry5.o(.ARM.Collect$$$$00000004)
    .ARM.Collect$$$$00000008                 0x0000028c   Section        0  entry7b.o(.ARM.Collect$$$$00000008)
    .ARM.Collect$$$$00000009                 0x0000028c   Section        8  entry8.o(.ARM.Collect$$$$00000009)
    .ARM.Collect$$$$00002712                 0x00000294   Section        4  entry2.o(.ARM.Collect$$$$00002712)
    __lit__00000000                          0x00000294   Data           4  entry2.o(.ARM.Collect$$$$00002712)
    .text                                    0x00000298   Section        0  main.o(.text)
    .text                                    0x000002cc   Section        0  init.o(.text)
    .text                                    0x00000304   Section        0  uart.o(.text)
    .text                                    0x00000330   Section        0  uartstdio.o(.text)
    .text                                    0x000006fc   Section        0  time.o(.text)
    .text                                    0x00000964   Section        0  ffixul.o(.text)
    .text                                    0x00000990   Section        0  llshl.o(.text)
    .text                                    0x000009ae   Section        0  iusefp.o(.text)
    .text                                    0x000009b0   Section       36  init.o(.text)
    i.GPIODirModeSet                         0x000009d4   Section        0  gpio.o(i.GPIODirModeSet)
    i.GPIOPadConfigSet                       0x000009fc   Section        0  gpio.o(i.GPIOPadConfigSet)
    i.GPIOPinConfigure                       0x00000aac   Section        0  gpio.o(i.GPIOPinConfigure)
    i.GPIOPinTypeUART                        0x00000af4   Section        0  gpio.o(i.GPIOPinTypeUART)
    i.IntEnable                              0x00000b10   Section        0  interrupt.o(i.IntEnable)
    i.SysCtlClockGet                         0x00000b74   Section        0  sysctl.o(i.SysCtlClockGet)
    i.SysCtlPeripheralEnable                 0x00000da4   Section        0  sysctl.o(i.SysCtlPeripheralEnable)
    i.SysTickEnable                          0x00000df4   Section        0  systick.o(i.SysTickEnable)
    i.SysTickIntEnable                       0x00000e02   Section        0  systick.o(i.SysTickIntEnable)
    i.SysTickPeriodSet                       0x00000e10   Section        0  systick.o(i.SysTickPeriodSet)
    i.TimerConfigure                         0x00000e1a   Section        0  timer.o(i.TimerConfigure)
    i.TimerDisable                           0x00000e3e   Section        0  timer.o(i.TimerDisable)
    i.TimerEnable                            0x00000e4e   Section        0  timer.o(i.TimerEnable)
    i.TimerIntClear                          0x00000e5c   Section        0  timer.o(i.TimerIntClear)
    i.TimerIntEnable                         0x00000e60   Section        0  timer.o(i.TimerIntEnable)
    i.TimerIntStatus                         0x00000e68   Section        0  timer.o(i.TimerIntStatus)
    i.TimerLoadSet                           0x00000e72   Section        0  timer.o(i.TimerLoadSet)
    i.__scatterload_copy                     0x00000e84   Section       14  handlers.o(i.__scatterload_copy)
    i.__scatterload_null                     0x00000e92   Section        2  handlers.o(i.__scatterload_null)
    i.__scatterload_zeroinit                 0x00000e94   Section       14  handlers.o(i.__scatterload_zeroinit)
    .constdata                               0x00000ea4   Section       28  uartstdio.o(.constdata)
    g_pcHex                                  0x00000ea4   Data           4  uartstdio.o(.constdata)
    g_ulUARTBase                             0x00000ea8   Data          12  uartstdio.o(.constdata)
    g_ulUARTPeriph                           0x00000eb4   Data          12  uartstdio.o(.constdata)
    .constdata                               0x00000ec0   Section      120  gpio.o(.constdata)
    g_pulGPIOBaseAddrs                       0x00000ec0   Data         120  gpio.o(.constdata)
    .constdata                               0x00000f38   Section      460  sysctl.o(.constdata)
    g_pulDCRegs                              0x00000f38   Data          16  sysctl.o(.constdata)
    g_pulSRCRRegs                            0x00000f48   Data          12  sysctl.o(.constdata)
    g_pulRCGCRegs                            0x00000f54   Data          12  sysctl.o(.constdata)
    g_pulSCGCRegs                            0x00000f60   Data          12  sysctl.o(.constdata)
    g_pulDCGCRegs                            0x00000f6c   Data          12  sysctl.o(.constdata)
    g_pulXtals                               0x00000f78   Data         108  sysctl.o(.constdata)
    g_ppulPeripheralMap                      0x00000fe4   Data         288  sysctl.o(.constdata)
    .constdata                               0x00001104   Section      268  interrupt.o(.constdata)
    g_pulPriority                            0x00001104   Data          32  interrupt.o(.constdata)
    g_pulRegs                                0x00001124   Data         156  interrupt.o(.constdata)
    g_pulEnRegs                              0x000011c0   Data          20  interrupt.o(.constdata)
    g_pulDisRegs                             0x000011d4   Data          20  interrupt.o(.constdata)
    g_pulPendRegs                            0x000011e8   Data          20  interrupt.o(.constdata)
    g_pulUnpendRegs                          0x000011fc   Data          20  interrupt.o(.constdata)
    .conststring                             0x00001210   Section       17  uartstdio.o(.conststring)
    .data                                    0x20000000   Section        5  uartstdio.o(.data)
    g_ulBase                                 0x20000000   Data           4  uartstdio.o(.data)
    bLastWasCR                               0x20000004   Data           1  uartstdio.o(.data)
    .data                                    0x20000008   Section       20  time.o(.data)
    fIsPerFuncInitialized                    0x20000008   Data           1  time.o(.data)
    cPeriodicThreadTime                      0x2000000c   Data           4  time.o(.data)
    fIsWaitInitialized                       0x20000010   Data           1  time.o(.data)
    .bss                                     0x2000001c   Section      128  time.o(.bss)
    STACK                                    0x200000a0   Section      256  startup.o(STACK)
    StackMem                                 0x200000a0   Data           0  startup.o(STACK)

    Global Symbols

    Symbol Name                              Value     Ov Type        Size  Object(Section)

    BuildAttributes$$THM_ISAv4$E$P$D$K$B$S$7EM$VFPi3$EXTD16$VFPS$VFMA$PE$A:L22UL41UL21$X:L11$S22US41US21$IEEE1$IW$USESV6$~STKCKD$USESV7$~SHL$OTIME$ROPI$EBA8$MICROLIB$REQ8$PRES8$EABIv2 0x00000000   Number         0  anon$$obj.o ABSOLUTE
    __ARM_use_no_argv                        0x00000000   Number         0  main.o ABSOLUTE
    __Vectors                                0x00000000   Data           0  startup.o(RESET)
    __decompress                              - Undefined Weak Reference
    _clock_init                               - Undefined Weak Reference
    Reset_Handler                            0x0000026d   Thumb Code     0  startup.o(RESET)
    __main                                   0x00000285   Thumb Code     0  entry.o(.ARM.Collect$$$$00000000)
    _main_stk                                0x00000285   Thumb Code     0  entry2.o(.ARM.Collect$$$$00000001)
    _main_scatterload                        0x00000289   Thumb Code     0  entry5.o(.ARM.Collect$$$$00000004)
    __main_after_scatterload                 0x0000028d   Thumb Code     0  entry5.o(.ARM.Collect$$$$00000004)
    _main_clock                              0x0000028d   Thumb Code     0  entry7b.o(.ARM.Collect$$$$00000008)
    _main_init                               0x0000028d   Thumb Code     0  entry8.o(.ARM.Collect$$$$00000009)
    main                                     0x00000299   Thumb Code    18  main.o(.text)
    InitializeMCU                            0x000002cd   Thumb Code    50  init.o(.text)
    InitializeUART                           0x00000305   Thumb Code    40  uart.o(.text)
    UARTStdioInitExpClk                      0x00000331   Thumb Code   106  uartstdio.o(.text)
    UARTStdioInit                            0x0000039b   Thumb Code    16  uartstdio.o(.text)
    UARTwrite                                0x000003ab   Thumb Code    58  uartstdio.o(.text)
    UARTgets                                 0x000003e5   Thumb Code   138  uartstdio.o(.text)
    UARTgetc                                 0x0000046f   Thumb Code    20  uartstdio.o(.text)
    UARTprintf                               0x00000483   Thumb Code   592  uartstdio.o(.text)
    GetTime                                  0x000006fd   Thumb Code     6  time.o(.text)
    GetTimeUS                                0x00000703   Thumb Code     6  time.o(.text)
    InitializeSystemTime                     0x00000709   Thumb Code    38  time.o(.text)
    SysTickHandler                           0x0000072f   Thumb Code    38  time.o(.text)
    Dummy                                    0x00000755   Thumb Code     2  time.o(.text)
    InitializePeriodicFunctions              0x00000757   Thumb Code   100  time.o(.text)
    AddPeriodicFunction                      0x000007bb   Thumb Code    86  time.o(.text)
    PeriodicFunctionHandler                  0x00000811   Thumb Code    74  time.o(.text)
    WaitUS                                   0x0000085b   Thumb Code   118  time.o(.text)
    WaitMS                                   0x000008d1   Thumb Code    38  time.o(.text)
    WaitS                                    0x000008f7   Thumb Code    20  time.o(.text)
    Wait                                     0x0000090b   Thumb Code    40  time.o(.text)
    __aeabi_f2ulz                            0x00000965   Thumb Code    44  ffixul.o(.text)
    __aeabi_llsl                             0x00000991   Thumb Code    30  llshl.o(.text)
    _ll_shift_l                              0x00000991   Thumb Code     0  llshl.o(.text)
    __I$use$fp                               0x000009af   Thumb Code     0  iusefp.o(.text)
    __scatterload                            0x000009b1   Thumb Code    28  init.o(.text)
    __scatterload_rt2                        0x000009b1   Thumb Code     0  init.o(.text)
    GPIODirModeSet                           0x000009d5   Thumb Code    40  gpio.o(i.GPIODirModeSet)
    GPIOPadConfigSet                         0x000009fd   Thumb Code   176  gpio.o(i.GPIOPadConfigSet)
    GPIOPinConfigure                         0x00000aad   Thumb Code    64  gpio.o(i.GPIOPinConfigure)
    GPIOPinTypeUART                          0x00000af5   Thumb Code    28  gpio.o(i.GPIOPinTypeUART)
    IntEnable                                0x00000b11   Thumb Code    92  interrupt.o(i.IntEnable)
    SysCtlClockGet                           0x00000b75   Thumb Code   514  sysctl.o(i.SysCtlClockGet)
    SysCtlPeripheralEnable                   0x00000da5   Thumb Code    70  sysctl.o(i.SysCtlPeripheralEnable)
    SysTickEnable                            0x00000df5   Thumb Code    14  systick.o(i.SysTickEnable)
    SysTickIntEnable                         0x00000e03   Thumb Code    14  systick.o(i.SysTickIntEnable)
    SysTickPeriodSet                         0x00000e11   Thumb Code    10  systick.o(i.SysTickPeriodSet)
    TimerConfigure                           0x00000e1b   Thumb Code    36  timer.o(i.TimerConfigure)
    TimerDisable                             0x00000e3f   Thumb Code    16  timer.o(i.TimerDisable)
    TimerEnable                              0x00000e4f   Thumb Code    14  timer.o(i.TimerEnable)
    TimerIntClear                            0x00000e5d   Thumb Code     4  timer.o(i.TimerIntClear)
    TimerIntEnable                           0x00000e61   Thumb Code     8  timer.o(i.TimerIntEnable)
    TimerIntStatus                           0x00000e69   Thumb Code    10  timer.o(i.TimerIntStatus)
    TimerLoadSet                             0x00000e73   Thumb Code    18  timer.o(i.TimerLoadSet)
    __scatterload_copy                       0x00000e85   Thumb Code    14  handlers.o(i.__scatterload_copy)
    __scatterload_null                       0x00000e93   Thumb Code     2  handlers.o(i.__scatterload_null)
    __scatterload_zeroinit                   0x00000e95   Thumb Code    14  handlers.o(i.__scatterload_zeroinit)
    Region$$Table$$Base                      0x00001224   Number         0  anon$$obj.o(Region$$Table)
    Region$$Table$$Limit                     0x00001244   Number         0  anon$$obj.o(Region$$Table)
    g_ulSystemTimeUS                         0x20000014   Data           4  time.o(.data)
    g_ulSystemTimeSeconds                    0x20000018   Data           4  time.o(.data)
    rgPeriodicFunctions                      0x2000001c   Data         128  time.o(.bss)
    __initial_sp                             0x200001a0   Data           0  startup.o(STACK)



==============================================================================

Memory Map of the image

  Image Entry point : 0x0000026d

  Load Region LR_1 (Base: 0x00000000, Size: 0x00001260, Max: 0xffffffff, ABSOLUTE)

    Execution Region ER_RO (Base: 0x00000000, Size: 0x00001244, Max: 0xffffffff, ABSOLUTE)

    Base Addr    Size         Type   Attr      Idx    E Section Name        Object

    0x00000000   0x00000284   Code   RO            3  * RESET               startup.o
    0x00000284   0x00000000   Code   RO         1142  * .ARM.Collect$$$$00000000  mc_w.l(entry.o)
    0x00000284   0x00000004   Code   RO         1147    .ARM.Collect$$$$00000001  mc_w.l(entry2.o)
    0x00000288   0x00000004   Code   RO         1150    .ARM.Collect$$$$00000004  mc_w.l(entry5.o)
    0x0000028c   0x00000000   Code   RO         1152    .ARM.Collect$$$$00000008  mc_w.l(entry7b.o)
    0x0000028c   0x00000008   Code   RO         1153    .ARM.Collect$$$$00000009  mc_w.l(entry8.o)
    0x00000294   0x00000004   Code   RO         1148    .ARM.Collect$$$$00002712  mc_w.l(entry2.o)
    0x00000298   0x00000034   Code   RO            9    .text               main.o
    0x000002cc   0x00000038   Code   RO           37    .text               RASLib.lib(init.o)
    0x00000304   0x0000002c   Code   RO           61    .text               RASLib.lib(uart.o)
    0x00000330   0x000003cc   Code   RO          103    .text               RASLib.lib(uartstdio.o)
    0x000006fc   0x00000268   Code   RO          134    .text               RASLib.lib(time.o)
    0x00000964   0x0000002c   Code   RO         1145    .text               mf_w.l(ffixul.o)
    0x00000990   0x0000001e   Code   RO         1154    .text               mc_w.l(llshl.o)
    0x000009ae   0x00000000   Code   RO         1156    .text               mc_w.l(iusefp.o)
    0x000009ae   0x00000002   PAD
    0x000009b0   0x00000024   Code   RO         1157    .text               mc_w.l(init.o)
    0x000009d4   0x00000028   Code   RO          155    i.GPIODirModeSet    RASLib.lib(gpio.o)
    0x000009fc   0x000000b0   Code   RO          160    i.GPIOPadConfigSet  RASLib.lib(gpio.o)
    0x00000aac   0x00000048   Code   RO          161    i.GPIOPinConfigure  RASLib.lib(gpio.o)
    0x00000af4   0x0000001c   Code   RO          187    i.GPIOPinTypeUART   RASLib.lib(gpio.o)
    0x00000b10   0x00000064   Code   RO          771    i.IntEnable         RASLib.lib(interrupt.o)
    0x00000b74   0x00000230   Code   RO          447    i.SysCtlClockGet    RASLib.lib(sysctl.o)
    0x00000da4   0x00000050   Code   RO          475    i.SysCtlPeripheralEnable  RASLib.lib(sysctl.o)
    0x00000df4   0x0000000e   Code   RO          874    i.SysTickEnable     RASLib.lib(systick.o)
    0x00000e02   0x0000000e   Code   RO          876    i.SysTickIntEnable  RASLib.lib(systick.o)
    0x00000e10   0x0000000a   Code   RO          880    i.SysTickPeriodSet  RASLib.lib(systick.o)
    0x00000e1a   0x00000024   Code   RO          936    i.TimerConfigure    RASLib.lib(timer.o)
    0x00000e3e   0x00000010   Code   RO          942    i.TimerDisable      RASLib.lib(timer.o)
    0x00000e4e   0x0000000e   Code   RO          943    i.TimerEnable       RASLib.lib(timer.o)
    0x00000e5c   0x00000004   Code   RO          944    i.TimerIntClear     RASLib.lib(timer.o)
    0x00000e60   0x00000008   Code   RO          946    i.TimerIntEnable    RASLib.lib(timer.o)
    0x00000e68   0x0000000a   Code   RO          948    i.TimerIntStatus    RASLib.lib(timer.o)
    0x00000e72   0x00000012   Code   RO          952    i.TimerLoadSet      RASLib.lib(timer.o)
    0x00000e84   0x0000000e   Code   RO         1161    i.__scatterload_copy  mc_w.l(handlers.o)
    0x00000e92   0x00000002   Code   RO         1162    i.__scatterload_null  mc_w.l(handlers.o)
    0x00000e94   0x0000000e   Code   RO         1163    i.__scatterload_zeroinit  mc_w.l(handlers.o)
    0x00000ea2   0x00000002   PAD
    0x00000ea4   0x0000001c   Data   RO          104    .constdata          RASLib.lib(uartstdio.o)
    0x00000ec0   0x00000078   Data   RO          193    .constdata          RASLib.lib(gpio.o)
    0x00000f38   0x000001cc   Data   RO          491    .constdata          RASLib.lib(sysctl.o)
    0x00001104   0x0000010c   Data   RO          785    .constdata          RASLib.lib(interrupt.o)
    0x00001210   0x00000011   Data   RO          105    .conststring        RASLib.lib(uartstdio.o)
    0x00001221   0x00000003   PAD
    0x00001224   0x00000020   Data   RO         1159    Region$$Table       anon$$obj.o


    Execution Region ER_RW (Base: 0x20000000, Size: 0x0000001c, Max: 0xffffffff, ABSOLUTE)

    Base Addr    Size         Type   Attr      Idx    E Section Name        Object

    0x20000000   0x00000005   Data   RW          106    .data               RASLib.lib(uartstdio.o)
    0x20000005   0x00000003   PAD
    0x20000008   0x00000014   Data   RW          136    .data               RASLib.lib(time.o)


    Execution Region ER_ZI (Base: 0x2000001c, Size: 0x00000184, Max: 0xffffffff, ABSOLUTE)

    Base Addr    Size         Type   Attr      Idx    E Section Name        Object

    0x2000001c   0x00000080   Zero   RW          135    .bss                RASLib.lib(time.o)
    0x2000009c   0x00000004   PAD
    0x200000a0   0x00000100   Zero   RW            1    STACK               startup.o


==============================================================================

Image component sizes


      Code (inc. data)   RO Data    RW Data    ZI Data      Debug   Object Name

        52         34          0          0          0       1859   main.o
       644        624          0          0        256        228   startup.o

    ----------------------------------------------------------------------
       696        658         32          0        256       2087   Object Totals
         0          0         32          0          0          0   (incl. Generated)
         0          0          0          0          0          0   (incl. Padding)

    ----------------------------------------------------------------------

      Code (inc. data)   RO Data    RW Data    ZI Data      Debug   Library Member Name

       316          8        120          0          0       6165   gpio.o
        56          6          0          0          0       3628   init.o
       100          8        268          0          0       1296   interrupt.o
       640         56        460          0          0       3131   sysctl.o
        38          0          0          0          0       1254   systick.o
       616         50          0         20        128       3672   time.o
       106          0          0          0          0       3439   timer.o
        44          4          0          0          0        445   uart.o
       972         42         45          5          0       3895   uartstdio.o
         0          0          0          0          0          0   entry.o
         8          4          0          0          0          0   entry2.o
         4          0          0          0          0          0   entry5.o
         0          0          0          0          0          0   entry7b.o
         8          4          0          0          0          0   entry8.o
        30          0          0          0          0          0   handlers.o
        36          8          0          0          0         68   init.o
         0          0          0          0          0          0   iusefp.o
        30          0          0          0          0         68   llshl.o
        44          0          0          0          0         68   ffixul.o

    ----------------------------------------------------------------------
      3052        190        896         28        132      27129   Library Totals
         4          0          3          3          4          0   (incl. Padding)

    ----------------------------------------------------------------------

      Code (inc. data)   RO Data    RW Data    ZI Data      Debug   Library Name

      2888        174        893         25        128      26925   RASLib.lib
       116         16          0          0          0        136   mc_w.l
        44          0          0          0          0         68   mf_w.l

    ----------------------------------------------------------------------
      3052        190        896         28        132      27129   Library Totals

    ----------------------------------------------------------------------

==============================================================================


      Code (inc. data)   RO Data    RW Data    ZI Data      Debug   

      3748        848        928         28        388      27516   Grand Totals
      3748        848        928         28        388      27516   ELF Image Totals
      3748        848        928         28          0          0   ROM Totals

==============================================================================

    Total RO  Size (Code + RO Data)                 4676 (   4.57kB)
    Total RW  Size (RW Data + ZI Data)               416 (   0.41kB)
    Total ROM Size (Code + RO Data + RW Data)       4704 (   4.59kB)

==============================================================================

